// Jest Snapshot v1, https://goo.gl/fbAQLP

exports[`MarketSelector Component Snapshot tests matches snapshot for cinema industry 1`] = `
<div
  data-testid="market-selector"
>
  <select
    data-testid="market-select"
  >
    <option
      value=""
    >
      Select Market
    </option>
    <option
      value="general-local"
    >
      Local Market
    </option>
    <option
      value="general-regional"
    >
      Regional Market
    </option>
    <option
      value="general-national"
    >
      National Market
    </option>
  </select>
  <div
    data-testid="market-info"
  >
    Current Industry: 
    general
  </div>
</div>
`;

exports[`MarketSelector Component Snapshot tests matches snapshot for general industry 1`] = `
<div
  data-testid="market-selector"
>
  <select
    data-testid="market-select"
  >
    <option
      value=""
    >
      Select Market
    </option>
    <option
      value="general-local"
    >
      Local Market
    </option>
    <option
      value="general-regional"
    >
      Regional Market
    </option>
    <option
      value="general-national"
    >
      National Market
    </option>
  </select>
  <div
    data-testid="market-info"
  >
    Current Industry: 
    general
  </div>
</div>
`;

exports[`MarketSelector Component Snapshot tests matches snapshot for hotel industry 1`] = `
<div
  data-testid="market-selector"
>
  <select
    data-testid="market-select"
  >
    <option
      value=""
    >
      Select Market
    </option>
    <option
      value="general-local"
    >
      Local Market
    </option>
    <option
      value="general-regional"
    >
      Regional Market
    </option>
    <option
      value="general-national"
    >
      National Market
    </option>
  </select>
  <div
    data-testid="market-info"
  >
    Current Industry: 
    general
  </div>
</div>
`;
